# make test  —  2026-08-27T09:18:38Z  (Redis up via docker compose)
# python 3.11.4, pytest pytest 9.1.1, hypothesis 6.165.10

C:\Users\Admin\AppData\Local\Programs\Python\Python311\Lib\site-packages\requests\__init__.py:113: RequestsDependencyWarning: urllib3 (2.5.0) or chardet (7.4.3)/charset_normalizer (3.4.3) doesn't match a supported version!
  warnings.warn(
============================= test session starts =============================
platform win32 -- Python 3.11.4, pytest-9.1.1, pluggy-1.6.0 -- C:\Users\Admin\AppData\Local\Programs\Python\Python311\python.exe
cachedir: .pytest_cache
hypothesis profile 'default'
rootdir: D:\VinAI\K4-Day25-Track3-Reliability-Agent_2A202601570_LeThiHaiYen
configfile: pyproject.toml
testpaths: tests
plugins: anyio-4.10.0, dash-3.2.0, hypothesis-6.165.10, langsmith-0.11.1, cov-7.1.0
collecting ... collected 49 items

tests/test_cache.py::test_exact_match_returns_hit PASSED                 [  2%]
tests/test_cache.py::test_similar_query_returns_hit PASSED               [  4%]
tests/test_cache.py::test_dissimilar_query_returns_miss PASSED           [  6%]
tests/test_cache.py::test_ttl_expiry PASSED                              [  8%]
tests/test_cache.py::test_privacy_query_bypasses_cache PASSED            [ 10%]
tests/test_cache.py::test_privacy_query_not_stored PASSED                [ 12%]
tests/test_cache.py::test_false_hit_detection_different_years PASSED     [ 14%]
tests/test_cache.py::test_same_year_not_flagged_as_false_hit PASSED      [ 16%]
tests/test_cache.py::test_ngram_similarity_scores PASSED                 [ 18%]
tests/test_circuit_breaker.py::test_starts_closed PASSED                 [ 20%]
tests/test_circuit_breaker.py::test_opens_after_failure_threshold PASSED [ 22%]
tests/test_circuit_breaker.py::test_does_not_open_below_threshold PASSED [ 24%]
tests/test_circuit_breaker.py::test_success_resets_failure_count PASSED  [ 26%]
tests/test_circuit_breaker.py::test_open_transitions_to_half_open_after_timeout PASSED [ 28%]
tests/test_circuit_breaker.py::test_half_open_closes_on_success PASSED   [ 30%]
tests/test_circuit_breaker.py::test_half_open_reopens_on_failure PASSED  [ 32%]
tests/test_circuit_breaker.py::test_call_raises_circuit_open_error PASSED [ 34%]
tests/test_circuit_breaker.py::test_call_records_success_and_failure PASSED [ 36%]
tests/test_circuit_breaker.py::test_transition_log_records_state_changes PASSED [ 38%]
tests/test_circuit_breaker.py::test_no_duplicate_transitions PASSED      [ 40%]
tests/test_circuit_breaker.py::test_success_threshold_greater_than_one PASSED [ 42%]
tests/test_circuit_breaker_properties.py::test_state_always_valid_and_counts_nonnegative PASSED [ 44%]
tests/test_circuit_breaker_properties.py::test_transition_log_is_a_well_formed_chain PASSED [ 46%]
tests/test_circuit_breaker_properties.py::test_below_threshold_never_opens PASSED [ 48%]
tests/test_circuit_breaker_properties.py::test_exactly_threshold_consecutive_failures_opens PASSED [ 51%]
tests/test_circuit_breaker_properties.py::test_open_denies_until_reset_then_probes PASSED [ 53%]
tests/test_circuit_breaker_properties.py::test_half_open_failure_always_reopens_with_probe_reason PASSED [ 55%]
tests/test_circuit_breaker_properties.py::test_half_open_closes_only_after_success_threshold PASSED [ 57%]
tests/test_config.py::test_default_config_loads PASSED                   [ 59%]
tests/test_config.py::test_scenarios_loaded PASSED                       [ 61%]
tests/test_gateway_contract.py::test_gateway_returns_response_with_route_reason PASSED [ 63%]
tests/test_gateway_contract.py::test_gateway_falls_back_when_primary_fails PASSED [ 65%]
tests/test_gateway_contract.py::test_gateway_returns_static_fallback_when_all_fail PASSED [ 67%]
tests/test_gateway_contract.py::test_gateway_uses_cache PASSED           [ 69%]
tests/test_metrics.py::test_percentile PASSED                            [ 71%]
tests/test_metrics.py::test_report_dict_contains_required_metrics PASSED [ 73%]
tests/test_redis_cache.py::test_redis_connection PASSED                  [ 75%]
tests/test_redis_cache.py::test_set_and_exact_get PASSED                 [ 77%]
tests/test_redis_cache.py::test_ttl_expiry PASSED                        [ 79%]
tests/test_redis_cache.py::test_shared_state_across_instances PASSED     [ 81%]
tests/test_redis_cache.py::test_privacy_query_not_cached PASSED          [ 83%]
tests/test_redis_cache.py::test_false_hit_different_years PASSED         [ 85%]
tests/test_todo_requirements.py::test_similarity_uses_ngrams_not_jaccard XPASS [ 87%]
tests/test_todo_requirements.py::test_semantic_cache_should_not_false_hit_different_intent XPASS [ 89%]
tests/test_todo_requirements.py::test_privacy_queries_never_cached XPASS [ 91%]
tests/test_todo_requirements.py::test_circuit_breaker_denies_when_open XPASS [ 93%]
tests/test_todo_requirements.py::test_half_open_failure_gives_probe_failure_reason XPASS [ 95%]
tests/test_todo_requirements.py::test_gateway_routes_through_providers XPASS [ 97%]
tests/test_todo_requirements.py::test_metrics_csv_export XPASS (Stud...) [100%]

======================= 42 passed, 7 xpassed in 22.41s ========================

# ruff check src scripts
All checks passed!

# mypy src (strict)
Success: no issues found in 8 source files

# determinism: diff of two make run-chaos (counts)
verified earlier: ALL fields identical incl circuit_open_count and recovery_time_ms
